Component: ARM Compiler 5.06 update 1 (build 61) Tool: armlink [4d35a8]

==============================================================================

Section Cross References

    main.o(i.assert_nrf_callback) refers to app_error.o(i.app_error_handler) for app_error_handler
    main.o(i.battery_timeout_handler) refers to ble_bas.o(i.ble_bas_battery_level_set) for ble_bas_battery_level_set
    main.o(i.battery_timeout_handler) refers to ble_bas.o(i.ble_bas_battery_level_send) for ble_bas_battery_level_send
    main.o(i.battery_timeout_handler) refers to app_error.o(i.app_error_handler_bare) for app_error_handler_bare
    main.o(i.battery_timeout_handler) refers to service_if.o(.bss) for m_bas
    main.o(i.ble_evt_dispatch) refers to device_manager_peripheral.o(i.dm_ble_evt_handler) for dm_ble_evt_handler
    main.o(i.ble_evt_dispatch) refers to ble_conn_params.o(i.ble_conn_params_on_ble_evt) for ble_conn_params_on_ble_evt
    main.o(i.ble_evt_dispatch) refers to bsp_btn_ble.o(i.bsp_btn_ble_on_ble_evt) for bsp_btn_ble_on_ble_evt
    main.o(i.ble_evt_dispatch) refers to ble_advertising.o(i.ble_advertising_on_ble_evt) for ble_advertising_on_ble_evt
    main.o(i.ble_evt_dispatch) refers to bsp.o(i.bsp_indication_set) for bsp_indication_set
    main.o(i.ble_evt_dispatch) refers to app_error.o(i.app_error_handler_bare) for app_error_handler_bare
    main.o(i.ble_evt_dispatch) refers to service_if.o(i.bluetooth_on_ble_evt) for bluetooth_on_ble_evt
    main.o(i.ble_evt_dispatch) refers to main.o(.data) for .data
    main.o(i.ble_stack_init) refers to softdevice_handler.o(i.softdevice_handler_init) for softdevice_handler_init
    main.o(i.ble_stack_init) refers to app_error.o(i.app_error_handler_bare) for app_error_handler_bare
    main.o(i.ble_stack_init) refers to softdevice_handler.o(i.softdevice_enable_get_default_config) for softdevice_enable_get_default_config
    main.o(i.ble_stack_init) refers to softdevice_handler.o(i.sd_check_ram_start) for sd_check_ram_start
    main.o(i.ble_stack_init) refers to softdevice_handler.o(i.softdevice_enable) for softdevice_enable
    main.o(i.ble_stack_init) refers to softdevice_handler.o(i.softdevice_ble_evt_handler_set) for softdevice_ble_evt_handler_set
    main.o(i.ble_stack_init) refers to softdevice_handler.o(i.softdevice_sys_evt_handler_set) for softdevice_sys_evt_handler_set
    main.o(i.ble_stack_init) refers to main.o(.constdata) for .constdata
    main.o(i.ble_stack_init) refers to main.o(.bss) for .bss
    main.o(i.ble_stack_init) refers to main.o(i.ble_evt_dispatch) for ble_evt_dispatch
    main.o(i.ble_stack_init) refers to main.o(i.sys_evt_dispatch) for sys_evt_dispatch
    main.o(i.bsp_event_handler) refers to main.o(i.sleep_mode_enter) for sleep_mode_enter
    main.o(i.bsp_event_handler) refers to app_error.o(i.app_error_handler_bare) for app_error_handler_bare
    main.o(i.bsp_event_handler) refers to ble_advertising.o(i.ble_advertising_restart_without_whitelist) for ble_advertising_restart_without_whitelist
    main.o(i.bsp_event_handler) refers to main.o(.data) for .data
    main.o(i.conn_params_error_handler) refers to app_error.o(i.app_error_handler_bare) for app_error_handler_bare
    main.o(i.conn_params_init) refers to memseta.o(.text) for __aeabi_memclr4
    main.o(i.conn_params_init) refers to ble_conn_params.o(i.ble_conn_params_init) for ble_conn_params_init
    main.o(i.conn_params_init) refers to dfltui.o(.text) for __aeabi_ui2d
    main.o(i.conn_params_init) refers to dmul.o(.text) for __aeabi_dmul
    main.o(i.conn_params_init) refers to dfixui.o(.text) for __aeabi_d2uiz
    main.o(i.conn_params_init) refers to nrf_log.o(i.log_rtt_printf) for log_rtt_printf
    main.o(i.conn_params_init) refers to app_error.o(i.app_error_handler_bare) for app_error_handler_bare
    main.o(i.conn_params_init) refers to main.o(i.on_conn_params_evt) for on_conn_params_evt
    main.o(i.conn_params_init) refers to main.o(i.conn_params_error_handler) for conn_params_error_handler
    main.o(i.device_manager_evt_handler) refers to app_error.o(i.app_error_handler_bare) for app_error_handler_bare
    main.o(i.device_manager_init) refers to pstorage.o(i.pstorage_init) for pstorage_init
    main.o(i.device_manager_init) refers to app_error.o(i.app_error_handler_bare) for app_error_handler_bare
    main.o(i.device_manager_init) refers to device_manager_peripheral.o(i.dm_init) for dm_init
    main.o(i.device_manager_init) refers to device_manager_peripheral.o(i.dm_register) for dm_register
    main.o(i.device_manager_init) refers to main.o(i.device_manager_evt_handler) for device_manager_evt_handler
    main.o(i.device_manager_init) refers to main.o(.data) for .data
    main.o(i.main) refers to nrf_log.o(i.log_rtt_init) for log_rtt_init
    main.o(i.main) refers to app_timer.o(i.app_timer_init) for app_timer_init
    main.o(i.main) refers to app_error.o(i.app_error_handler_bare) for app_error_handler_bare
[...]
    i.nrf_gpiote_event_is_set                0x00020a6c   Section        0  nrf_drv_gpiote.o(i.nrf_gpiote_event_is_set)
    nrf_gpiote_event_is_set                  0x00020a6d   Thumb Code    12  nrf_drv_gpiote.o(i.nrf_gpiote_event_is_set)
    i.nrf_twi_event_check                    0x00020a7c   Section        0  nrf_drv_twi.o(i.nrf_twi_event_check)
    nrf_twi_event_check                      0x00020a7d   Thumb Code    10  nrf_drv_twi.o(i.nrf_twi_event_check)
    i.nrf_uart_event_check                   0x00020a86   Section        0  nrf_drv_uart.o(i.nrf_uart_event_check)
    nrf_uart_event_check                     0x00020a87   Thumb Code    10  nrf_drv_uart.o(i.nrf_uart_event_check)
    i.nrf_uart_int_enable_check              0x00020a90   Section        0  nrf_drv_uart.o(i.nrf_uart_int_enable_check)
    nrf_uart_int_enable_check                0x00020a91   Thumb Code    12  nrf_drv_uart.o(i.nrf_uart_int_enable_check)
    i.nrf_uarte_event_check                  0x00020a9c   Section        0  nrf_drv_uart.o(i.nrf_uarte_event_check)
    nrf_uarte_event_check                    0x00020a9d   Thumb Code    10  nrf_drv_uart.o(i.nrf_uarte_event_check)
    i.on_adv_evt                             0x00020aa6   Section        0  main.o(i.on_adv_evt)
    on_adv_evt                               0x00020aa7   Thumb Code    36  main.o(i.on_adv_evt)
    i.on_bas_evt                             0x00020aca   Section        0  service_if.o(i.on_bas_evt)
    on_bas_evt                               0x00020acb   Thumb Code     2  service_if.o(i.on_bas_evt)
    i.on_conn_params_evt                     0x00020acc   Section        0  main.o(i.on_conn_params_evt)
    on_conn_params_evt                       0x00020acd   Thumb Code    24  main.o(i.on_conn_params_evt)
    i.on_motion_service_evt                  0x00020ae8   Section        0  service_if.o(i.on_motion_service_evt)
    on_motion_service_evt                    0x00020ae9   Thumb Code     2  service_if.o(i.on_motion_service_evt)
    i.peer_address_exists                    0x00020aea   Section        0  ble_advertising.o(i.peer_address_exists)
    peer_address_exists                      0x00020aeb   Thumb Code    20  ble_advertising.o(i.peer_address_exists)
    i.peer_instance_init                     0x00020b00   Section        0  device_manager_peripheral.o(i.peer_instance_init)
    peer_instance_init                       0x00020b01   Thumb Code    60  device_manager_peripheral.o(i.peer_instance_init)
    i.pin_in_use_by_port                     0x00020b40   Section        0  nrf_drv_gpiote.o(i.pin_in_use_by_port)
    pin_in_use_by_port                       0x00020b41   Thumb Code    20  nrf_drv_gpiote.o(i.pin_in_use_by_port)
    i.pin_in_use_by_te                       0x00020b58   Section        0  nrf_drv_gpiote.o(i.pin_in_use_by_te)
    pin_in_use_by_te                         0x00020b59   Thumb Code    20  nrf_drv_gpiote.o(i.pin_in_use_by_te)
    i.pstorage_access_status_get             0x00020b70   Section        0  pstorage.o(i.pstorage_access_status_get)
    i.pstorage_block_identifier_get          0x00020b94   Section        0  pstorage.o(i.pstorage_block_identifier_get)
    i.pstorage_clear                         0x00020be0   Section        0  pstorage.o(i.pstorage_clear)
    i.pstorage_flash_page_end                0x00020c74   Section        0  pstorage.o(i.pstorage_flash_page_end)
    pstorage_flash_page_end                  0x00020c75   Thumb Code    30  pstorage.o(i.pstorage_flash_page_end)
    i.pstorage_flash_page_size               0x00020c92   Section        0  pstorage.o(i.pstorage_flash_page_size)
    pstorage_flash_page_size                 0x00020c93   Thumb Code    10  pstorage.o(i.pstorage_flash_page_size)
    i.pstorage_init                          0x00020c9c   Section        0  pstorage.o(i.pstorage_init)
    i.pstorage_load                          0x00020ce8   Section        0  pstorage.o(i.pstorage_load)
    i.pstorage_register                      0x00020d84   Section        0  pstorage.o(i.pstorage_register)
    i.pstorage_store                         0x00020e38   Section        0  pstorage.o(i.pstorage_store)
    i.pstorage_sys_event_handler             0x00020eb8   Section        0  pstorage.o(i.pstorage_sys_event_handler)
    i.pstorage_update                        0x00020f00   Section        0  pstorage.o(i.pstorage_update)
    i.ram_end_address_get                    0x00020f80   Section        0  softdevice_handler.o(i.ram_end_address_get)
    ram_end_address_get                      0x00020f81   Thumb Code    16  softdevice_handler.o(i.ram_end_address_get)
    i.rtc1_stop                              0x00020f90   Section        0  app_timer.o(i.rtc1_stop)
    rtc1_stop                                0x00020f91   Thumb Code    52  app_timer.o(i.rtc1_stop)
    i.rx_byte                                0x00020fcc   Section        0  nrf_drv_uart.o(i.rx_byte)
    rx_byte                                  0x00020fcd   Thumb Code    38  nrf_drv_uart.o(i.rx_byte)
    i.rx_done_event                          0x00020ffc   Section        0  nrf_drv_uart.o(i.rx_done_event)
    rx_done_event                            0x00020ffd   Thumb Code    26  nrf_drv_uart.o(i.rx_done_event)
    i.sd_check_ram_start                     0x0002101c   Section        0  softdevice_handler.o(i.sd_check_ram_start)
    i.sd_nvic_EnableIRQ                      0x000210a8   Section        0  softdevice_handler.o(i.sd_nvic_EnableIRQ)
    sd_nvic_EnableIRQ                        0x000210a9   Thumb Code   128  softdevice_handler.o(i.sd_nvic_EnableIRQ)
    i.service_data_encode                    0x00021130   Section        0  ble_advdata.o(i.service_data_encode)
    service_data_encode                      0x00021131   Thumb Code   136  ble_advdata.o(i.service_data_encode)
    i.set_security_req                       0x000211b8   Section        0  ble_srv_common.o(i.set_security_req)
    set_security_req                         0x000211b9   Thumb Code    48  ble_srv_common.o(i.set_security_req)
    i.sleep_mode_enter                       0x000211e8   Section        0  main.o(i.sleep_mode_enter)
    sleep_mode_enter                         0x000211e9   Thumb Code    40  main.o(i.sleep_mode_enter)
    i.sm_state_change                        0x00021210   Section        0  pstorage.o(i.sm_state_change)
    sm_state_change                          0x00021211   Thumb Code    52  pstorage.o(i.sm_state_change)
    i.softdevice_ble_evt_handler_set         0x0002124c   Section        0  softdevice_handler.o(i.softdevice_ble_evt_handler_set)
    i.softdevice_enable                      0x00021260   Section        0  softdevice_handler.o(i.softdevice_enable)
    i.softdevice_enable_get_default_config   0x0002135c   Section        0  softdevice_handler.o(i.softdevice_enable_get_default_config)
    i.softdevice_fault_handler               0x00021382   Section        0  softdevice_handler.o(i.softdevice_fault_handler)
    i.softdevice_handler_init                0x00021388   Section        0  softdevice_handler.o(i.softdevice_handler_init)
    i.softdevice_sys_evt_handler_set         0x000213d4   Section        0  softdevice_handler.o(i.softdevice_sys_evt_handler_set)
    i.spi_event_handler                      0x000213e8   Section        0  main.o(i.spi_event_handler)
    i.spi_init                               0x000213f4   Section        0  main.o(i.spi_init)
    i.spi_send_recv                          0x0002144c   Section        0  main.o(i.spi_send_recv)
    i.spi_xfer                               0x0002148c   Section        0  nrf_drv_spi.o(i.spi_xfer)
    spi_xfer                                 0x0002148d   Thumb Code   110  nrf_drv_spi.o(i.spi_xfer)
    i.state_data_erase_swap_entry_run        0x000214fc   Section        0  pstorage.o(i.state_data_erase_swap_entry_run)
    state_data_erase_swap_entry_run          0x000214fd   Thumb Code    96  pstorage.o(i.state_data_erase_swap_entry_run)
    i.state_erase_data_page_entry_run        0x00021564   Section        0  pstorage.o(i.state_erase_data_page_entry_run)
    state_erase_data_page_entry_run          0x00021565   Thumb Code     8  pstorage.o(i.state_erase_data_page_entry_run)
    i.state_restore_head_entry_run           0x00021570   Section        0  pstorage.o(i.state_restore_head_entry_run)
    state_restore_head_entry_run             0x00021571   Thumb Code    38  pstorage.o(i.state_restore_head_entry_run)
    i.state_restore_tail_entry_run           0x0002159c   Section        0  pstorage.o(i.state_restore_tail_entry_run)
    state_restore_tail_entry_run             0x0002159d   Thumb Code    72  pstorage.o(i.state_restore_tail_entry_run)
    i.state_swap_erase_entry_run             0x000215ec   Section        0  pstorage.o(i.state_swap_erase_entry_run)
    state_swap_erase_entry_run               0x000215ed   Thumb Code    30  pstorage.o(i.state_swap_erase_entry_run)
    i.state_write_data_swap_entry_run        0x0002160c   Section        0  pstorage.o(i.state_write_data_swap_entry_run)
    state_write_data_swap_entry_run          0x0002160d   Thumb Code    44  pstorage.o(i.state_write_data_swap_entry_run)
    i.storage_operation_dummy_handler        0x0002163c   Section        0  device_manager_peripheral.o(i.storage_operation_dummy_handler)
    storage_operation_dummy_handler          0x0002163d   Thumb Code     4  device_manager_peripheral.o(i.storage_operation_dummy_handler)
    i.store_cmd_flash_write_execute          0x00021640   Section        0  pstorage.o(i.store_cmd_flash_write_execute)
    store_cmd_flash_write_execute            0x00021641   Thumb Code    84  pstorage.o(i.store_cmd_flash_write_execute)
    i.swap_erase_state_run                   0x0002169c   Section        0  pstorage.o(i.swap_erase_state_run)
    swap_erase_state_run                     0x0002169d   Thumb Code    18  pstorage.o(i.swap_erase_state_run)
    i.swap_sub_state_err_busy_process        0x000216b4   Section        0  pstorage.o(i.swap_sub_state_err_busy_process)
    swap_sub_state_err_busy_process          0x000216b5   Thumb Code    16  pstorage.o(i.swap_sub_state_err_busy_process)
    i.swap_sub_state_state_change            0x000216c8   Section        0  pstorage.o(i.swap_sub_state_state_change)
    swap_sub_state_state_change              0x000216c9   Thumb Code    12  pstorage.o(i.swap_sub_state_state_change)
    i.sys_evt_dispatch                       0x000216dc   Section        0  main.o(i.sys_evt_dispatch)
    sys_evt_dispatch                         0x000216dd   Thumb Code    18  main.o(i.sys_evt_dispatch)
    i.tail_restore_state_run                 0x000216f0   Section        0  pstorage.o(i.tail_restore_state_run)
    tail_restore_state_run                   0x000216f1   Thumb Code    16  pstorage.o(i.tail_restore_state_run)
    i.timer_list_handler                     0x00021704   Section        0  app_timer.o(i.timer_list_handler)
    timer_list_handler                       0x00021705   Thumb Code   134  app_timer.o(i.timer_list_handler)
    i.timer_list_insert                      0x00021790   Section        0  app_timer.o(i.timer_list_insert)
    timer_list_insert                        0x00021791   Thumb Code    56  app_timer.o(i.timer_list_insert)
    i.timer_timeouts_check                   0x000217cc   Section        0  app_timer.o(i.timer_timeouts_check)
    timer_timeouts_check                     0x000217cd   Thumb Code   124  app_timer.o(i.timer_timeouts_check)
    i.transfer_byte                          0x00021850   Section        0  nrf_drv_spi.o(i.transfer_byte)
    transfer_byte                            0x00021851   Thumb Code    78  nrf_drv_spi.o(i.transfer_byte)
    i.twi_clear_bus                          0x000218a0   Section        0  nrf_drv_twi.o(i.twi_clear_bus)
    twi_clear_bus                            0x000218a1   Thumb Code   170  nrf_drv_twi.o(i.twi_clear_bus)
    i.twi_read                               0x00021950   Section        0  main.o(i.twi_read)
    i.twi_read_data                          0x00021994   Section        0  main.o(i.twi_read_data)
    i.twi_rx_start_transfer                  0x000219d8   Section        0  nrf_drv_twi.o(i.twi_rx_start_transfer)
    twi_rx_start_transfer                    0x000219d9   Thumb Code   124  nrf_drv_twi.o(i.twi_rx_start_transfer)
    i.twi_send_byte                          0x00021a54   Section        0  nrf_drv_twi.o(i.twi_send_byte)
    twi_send_byte                            0x00021a55   Thumb Code    40  nrf_drv_twi.o(i.twi_send_byte)
    i.twi_transfer                           0x00021a7c   Section        0  nrf_drv_twi.o(i.twi_transfer)
    twi_transfer                             0x00021a7d   Thumb Code   242  nrf_drv_twi.o(i.twi_transfer)
    i.twi_tx_start_transfer                  0x00021b6e   Section        0  nrf_drv_twi.o(i.twi_tx_start_transfer)
    twi_tx_start_transfer                    0x00021b6f   Thumb Code   124  nrf_drv_twi.o(i.twi_tx_start_transfer)
    i.twi_write                              0x00021bec   Section        0  main.o(i.twi_write)
    i.twi_xfer                               0x00021c1c   Section        0  nrf_drv_twi.o(i.twi_xfer)
    twi_xfer                                 0x00021c1d   Thumb Code   140  nrf_drv_twi.o(i.twi_xfer)
    i.tx_byte                                0x00021ca8   Section        0  nrf_drv_uart.o(i.tx_byte)
    tx_byte                                  0x00021ca9   Thumb Code    28  nrf_drv_uart.o(i.tx_byte)
    i.tx_done_event                          0x00021ccc   Section        0  nrf_drv_uart.o(i.tx_done_event)
    tx_done_event                            0x00021ccd   Thumb Code    30  nrf_drv_uart.o(i.tx_done_event)
    i.uart_irq_handler                       0x00021cf0   Section        0  nrf_drv_uart.o(i.uart_irq_handler)
    uart_irq_handler                         0x00021cf1   Thumb Code   254  nrf_drv_uart.o(i.uart_irq_handler)
    i.uarte_irq_handler                      0x00021df8   Section        0  nrf_drv_uart.o(i.uarte_irq_handler)
    uarte_irq_handler                        0x00021df9   Thumb Code   206  nrf_drv_uart.o(i.uarte_irq_handler)
    i.uint16_encode                          0x00021ed0   Section        0  ble_advdata.o(i.uint16_encode)
    uint16_encode                            0x00021ed1   Thumb Code    10  ble_advdata.o(i.uint16_encode)
    i.update_status_bit_reset                0x00021edc   Section        0  device_manager_peripheral.o(i.update_status_bit_reset)
    update_status_bit_reset                  0x00021edd   Thumb Code    14  device_manager_peripheral.o(i.update_status_bit_reset)
    i.update_timeout_handler                 0x00021ef0   Section        0  ble_conn_params.o(i.update_timeout_handler)
    update_timeout_handler                   0x00021ef1   Thumb Code    88  ble_conn_params.o(i.update_timeout_handler)
    i.user_id_get                            0x00021f50   Section        0  app_timer.o(i.user_id_get)
    user_id_get                              0x00021f51   Thumb Code    62  app_timer.o(i.user_id_get)
    i.user_op_alloc                          0x00021f8e   Section        0  app_timer.o(i.user_op_alloc)
    user_op_alloc                            0x00021f8f   Thumb Code    40  app_timer.o(i.user_op_alloc)
    i.uuid_list_encode                       0x00021fb6   Section        0  ble_advdata.o(i.uuid_list_encode)
    uuid_list_encode                         0x00021fb7   Thumb Code    48  ble_advdata.o(i.uuid_list_encode)
    i.uuid_list_sized_encode                 0x00021fe6   Section        0  ble_advdata.o(i.uuid_list_sized_encode)
    uuid_list_sized_encode                   0x00021fe7   Thumb Code   158  ble_advdata.o(i.uuid_list_sized_encode)
    i.whitelist_has_entries                  0x00022084   Section        0  ble_advertising.o(i.whitelist_has_entries)
    whitelist_has_entries                    0x00022085   Thumb Code    14  ble_advertising.o(i.whitelist_has_entries)
    .constdata                               0x00022094   Section       72  main.o(.constdata)
    m_motion_timer_id                        0x00022094   Data           4  main.o(.constdata)
    m_battery_timer_id                       0x00022098   Data           4  main.o(.constdata)
    spi                                      0x000220a0   Data           8  main.o(.constdata)
    twi                                      0x000220a8   Data           8  main.o(.constdata)
    imu_config                               0x000220c0   Data          12  main.o(.constdata)
    .constdata                               0x000220dc   Section       16  ble_bas.o(.constdata)
    .constdata                               0x000220ec   Section       16  ble_motion_service.o(.constdata)
    .constdata                               0x000220fc   Section       28  nrf_drv_twi.o(.constdata)
    m_default_config                         0x000220fc   Data          16  nrf_drv_twi.o(.constdata)
    .constdata                               0x00022118   Section       60  bsp.o(.constdata)
    m_leds_timer_id                          0x00022118   Data           4  bsp.o(.constdata)
    m_alert_timer_id                         0x0002211c   Data           4  bsp.o(.constdata)
    m_button_timer_id                        0x00022120   Data           4  bsp.o(.constdata)
    m_buttons_list                           0x00022124   Data          16  bsp.o(.constdata)
    app_buttons                              0x00022134   Data          32  bsp.o(.constdata)
    .constdata                               0x00022154   Section        4  ble_conn_params.o(.constdata)
    m_conn_params_timer_id                   0x00022154   Data           4  ble_conn_params.o(.constdata)
    .constdata                               0x00022158   Section       52  device_manager_peripheral.o(.constdata)
    .constdata                               0x0002218c   Section       16  nrf_drv_spi.o(.constdata)
    m_default_config                         0x0002218c   Data          16  nrf_drv_spi.o(.constdata)
    .constdata                               0x0002219c   Section       40  pstorage.o(.constdata)
    swap_sub_state_sm_lut                    0x0002219c   Data          20  pstorage.o(.constdata)
    swap_sub_state_sm_lut                    0x000221b0   Data          20  pstorage.o(.constdata)
    .constdata                               0x000221c4   Section        8  app_button.o(.constdata)
    m_detection_delay_timer_id               0x000221c4   Data           4  app_button.o(.constdata)
    .constdata                               0x000221cc   Section       16  segger_rtt_printf.o(.constdata)
    _aV2C                                    0x000221cc   Data          16  segger_rtt_printf.o(.constdata)
    .data                                    0x20001fe8   Section       34  main.o(.data)
    first_read                               0x20001fe8   Data           1  main.o(.data)
    m_app_handle                             0x20001fe9   Data           1  main.o(.data)
    spi_xfer_done                            0x20001fea   Data           1  main.o(.data)
    twi_xfer_done                            0x20001feb   Data           1  main.o(.data)
    m_conn_handle                            0x20001fec   Data           2  main.o(.data)
    m_tx_buf                                 0x20001fee   Data           2  main.o(.data)
    m_rx_buf                                 0x20001ff0   Data           2  main.o(.data)
    m_motion_data_counter                    0x20001ff2   Data           2  main.o(.data)
    m_adv_uuids                              0x20001ff4   Data           4  main.o(.data)
    m_motion_data_buffer_accel_arr           0x20001ff8   Data           6  main.o(.data)
    m_motion_data_buffer_gyro1_arr           0x20001ffe   Data           6  main.o(.data)
    m_motion_data_buffer_gyro2_arr           0x20002004   Data           6  main.o(.data)
    .data                                    0x2000200a   Section       18  service_if.o(.data)
    .data                                    0x2000201c   Section       24  bsp.o(.data)
    m_stable_state                           0x2000201c   Data           1  bsp.o(.data)
    current_long_push_pin_no                 0x2000201d   Data           1  bsp.o(.data)
    m_app_ticks_per_100ms                    0x20002020   Data           4  bsp.o(.data)
    m_indication_type                        0x20002024   Data           4  bsp.o(.data)
    m_alert_mask                             0x20002028   Data           4  bsp.o(.data)
    m_registered_callback                    0x2000202c   Data           4  bsp.o(.data)
    release_event_at_push                    0x20002030   Data           4  bsp.o(.data)
    .data                                    0x20002034   Section        8  bsp_btn_ble.o(.data)
    m_error_handler                          0x20002034   Data           4  bsp_btn_ble.o(.data)
    m_num_connections                        0x20002038   Data           4  bsp_btn_ble.o(.data)
    .data                                    0x2000203c   Section       31  ble_advertising.o(.data)
    m_advertising_start_pending              0x2000203c   Data           1  ble_advertising.o(.data)
    m_whitelist_temporarily_disabled         0x2000203d   Data           1  ble_advertising.o(.data)
    m_whitelist_reply_expected               0x2000203e   Data           1  ble_advertising.o(.data)
    m_peer_addr_reply_expected               0x2000203f   Data           1  ble_advertising.o(.data)
    m_adv_evt                                0x20002040   Data           1  ble_advertising.o(.data)
    m_adv_mode_current                       0x20002041   Data           1  ble_advertising.o(.data)
    m_tx_power_level                         0x20002042   Data           1  ble_advertising.o(.data)
    current_slave_link_conn_handle           0x20002044   Data           2  ble_advertising.o(.data)
    m_evt_handler                            0x20002048   Data           4  ble_advertising.o(.data)
    m_error_handler                          0x2000204c   Data           4  ble_advertising.o(.data)
    m_slave_conn_int                         0x20002050   Data           4  ble_advertising.o(.data)
    m_peer_address                           0x20002054   Data           7  ble_advertising.o(.data)
    .data                                    0x2000205c   Section       20  ble_conn_params.o(.data)
    m_change_param                           0x2000205c   Data           1  ble_conn_params.o(.data)
    m_update_count                           0x2000205d   Data           1  ble_conn_params.o(.data)
    m_conn_handle                            0x2000205e   Data           2  ble_conn_params.o(.data)
    m_preferred_conn_params                  0x20002060   Data           8  ble_conn_params.o(.data)
    m_current_conn_params                    0x20002068   Data           8  ble_conn_params.o(.data)
    .data                                    0x20002070   Section       24  device_manager_peripheral.o(.data)
    m_module_initialized                     0x20002070   Data           1  device_manager_peripheral.o(.data)
    m_peer_addr_update                       0x20002074   Data           4  device_manager_peripheral.o(.data)
    m_irk_index_table                        0x20002078   Data           7  device_manager_peripheral.o(.data)
    m_storage_handle                         0x20002080   Data           8  device_manager_peripheral.o(.data)
    .data                                    0x20002088   Section       36  pstorage.o(.data)
    m_state                                  0x20002088   Data           1  pstorage.o(.data)
    m_swap_sub_state                         0x20002089   Data           1  pstorage.o(.data)
    m_next_app_instance                      0x2000208a   Data           2  pstorage.o(.data)
    m_flags                                  0x2000208c   Data           4  pstorage.o(.data)
    m_next_page_addr                         0x20002090   Data           4  pstorage.o(.data)
    m_head_word_size                         0x20002094   Data           4  pstorage.o(.data)
    m_tail_word_size                         0x20002098   Data           4  pstorage.o(.data)
    m_current_page_id                        0x2000209c   Data           4  pstorage.o(.data)
    m_num_of_command_retries                 0x200020a0   Data           4  pstorage.o(.data)
    m_num_of_bytes_written                   0x200020a4   Data           4  pstorage.o(.data)
    m_app_data_size                          0x200020a8   Data           4  pstorage.o(.data)
    .data                                    0x200020ac   Section       20  app_button.o(.data)
    m_button_count                           0x200020ac   Data           1  app_button.o(.data)
    mp_buttons                               0x200020b0   Data           4  app_button.o(.data)
    m_detection_delay                        0x200020b4   Data           4  app_button.o(.data)
    m_pin_state                              0x200020b8   Data           4  app_button.o(.data)
    m_pin_transition                         0x200020bc   Data           4  app_button.o(.data)
    .data                                    0x200020c0   Section       32  app_timer.o(.data)
    m_user_array_size                        0x200020c0   Data           1  app_timer.o(.data)
    m_ticks_elapsed_q_read_ind               0x200020c1   Data           1  app_timer.o(.data)
    m_ticks_elapsed_q_write_ind              0x200020c2   Data           1  app_timer.o(.data)
    m_rtc1_running                           0x200020c3   Data           1  app_timer.o(.data)
    m_rtc1_reset                             0x200020c4   Data           1  app_timer.o(.data)
    mp_users                                 0x200020c8   Data           4  app_timer.o(.data)
    mp_timer_id_head                         0x200020cc   Data           4  app_timer.o(.data)
    m_ticks_latest                           0x200020d0   Data           4  app_timer.o(.data)
    m_evt_schedule_func                      0x200020d4   Data           4  app_timer.o(.data)
    m_ticks_elapsed                          0x200020d8   Data           8  app_timer.o(.data)
    .data                                    0x200020e0   Section        4  nrf_log.o(.data)
    initialized                              0x200020e0   Data           1  nrf_log.o(.data)
    hex_string                               0x200020e1   Data           3  nrf_log.o(.data)
    .data                                    0x200020e4   Section       20  softdevice_handler.o(.data)
    m_softdevice_enabled                     0x200020e4   Data           1  softdevice_handler.o(.data)
    m_ble_evt_buffer_size                    0x200020e6   Data           2  softdevice_handler.o(.data)
    m_evt_schedule_func                      0x200020e8   Data           4  softdevice_handler.o(.data)
    mp_ble_evt_buffer                        0x200020ec   Data           4  softdevice_handler.o(.data)
    m_ble_evt_handler                        0x200020f0   Data           4  softdevice_handler.o(.data)
    m_sys_evt_handler                        0x200020f4   Data           4  softdevice_handler.o(.data)
    .data                                    0x200020f8   Section        4  system_nrf52.o(.data)
    __tagsym$$used                           0x200020f8   Number         0  system_nrf52.o(.data)
    .bss                                     0x200020fc   Section       32  main.o(.bss)
    m_motion_timer_id_data                   0x200020fc   Data          32  main.o(.bss)
    .bss                                     0x2000211c   Section       32  main.o(.bss)
    m_battery_timer_id_data                  0x2000211c   Data          32  main.o(.bss)
    .bss                                     0x2000213c   Section      528  main.o(.bss)
    APP_TIMER_BUF                            0x2000213c   Data         456  main.o(.bss)
    BLE_EVT_BUFFER                           0x20002304   Data          72  main.o(.bss)
    .bss                                     0x2000234c   Section       44  service_if.o(.bss)
    .bss                                     0x20002378   Section       40  nrf_drv_twi.o(.bss)
    m_cb                                     0x20002378   Data          40  nrf_drv_twi.o(.bss)
    .bss                                     0x200023a0   Section       32  bsp.o(.bss)
    m_leds_timer_id_data                     0x200023a0   Data          32  bsp.o(.bss)
    .bss                                     0x200023c0   Section       32  bsp.o(.bss)
    m_alert_timer_id_data                    0x200023c0   Data          32  bsp.o(.bss)
    .bss                                     0x200023e0   Section       12  bsp.o(.bss)
    m_events_list                            0x200023e0   Data          12  bsp.o(.bss)
    .bss                                     0x200023ec   Section       32  bsp.o(.bss)
    m_button_timer_id_data                   0x200023ec   Data          32  bsp.o(.bss)
    .bss                                     0x2000240c   Section      259  ble_advertising.o(.bss)
    m_advdata                                0x2000240c   Data          56  ble_advertising.o(.bss)
    m_adv_modes_config                       0x20002444   Data          36  ble_advertising.o(.bss)
    m_whitelist                              0x20002468   Data          16  ble_advertising.o(.bss)
    mp_whitelist_addr                        0x20002478   Data          32  ble_advertising.o(.bss)
    mp_whitelist_irk                         0x20002498   Data          32  ble_advertising.o(.bss)
    m_manuf_specific_data                    0x200024b8   Data          12  ble_advertising.o(.bss)
    m_manuf_data_array                       0x200024c4   Data          31  ble_advertising.o(.bss)
    m_service_data                           0x200024e4   Data          12  ble_advertising.o(.bss)
    m_service_data_array                     0x200024f0   Data          31  ble_advertising.o(.bss)
    .bss                                     0x20002510   Section       32  ble_conn_params.o(.bss)
    m_conn_params_timer_id_data              0x20002510   Data          32  ble_conn_params.o(.bss)
    .bss                                     0x20002530   Section       28  ble_conn_params.o(.bss)
    m_conn_params_config                     0x20002530   Data          28  ble_conn_params.o(.bss)
    .bss                                     0x2000254c   Section      335  device_manager_peripheral.o(.bss)
    m_app_context_table                      0x2000254c   Data          28  device_manager_peripheral.o(.bss)
    m_peer_table                             0x20002568   Data         196  device_manager_peripheral.o(.bss)
    m_bond_table                             0x2000262c   Data          28  device_manager_peripheral.o(.bss)
    m_gatts_table                            0x20002648   Data          36  device_manager_peripheral.o(.bss)
    m_connection_table                       0x2000266c   Data          12  device_manager_peripheral.o(.bss)
    m_application_table                      0x20002678   Data          12  device_manager_peripheral.o(.bss)
    m_local_id_info                          0x20002684   Data          23  device_manager_peripheral.o(.bss)
    .bss                                     0x2000269c   Section       88  nrf_drv_gpiote.o(.bss)
    m_cb                                     0x2000269c   Data          88  nrf_drv_gpiote.o(.bss)
    .bss                                     0x200026f4   Section       32  nrf_drv_spi.o(.bss)
    m_cb                                     0x200026f4   Data          32  nrf_drv_spi.o(.bss)
    .bss                                     0x20002714   Section       32  nrf_drv_uart.o(.bss)
    m_cb                                     0x20002714   Data          32  nrf_drv_uart.o(.bss)
    .bss                                     0x20002734   Section      216  pstorage.o(.bss)
    m_cmd_queue                              0x20002734   Data         204  pstorage.o(.bss)
    m_app_table                              0x20002800   Data          12  pstorage.o(.bss)
    .bss                                     0x2000280c   Section       32  app_button.o(.bss)
    m_detection_delay_timer_id_data          0x2000280c   Data          32  app_button.o(.bss)
    .bss                                     0x2000282c   Section       88  fstorage.o(.bss)
    m_queue                                  0x2000282c   Data          88  fstorage.o(.bss)
    .bss                                     0x20002884   Section     1051  nrf_log.o(.bss)
    hex_string                               0x20002884   Data          11  nrf_log.o(.bss)
    buf_normal_up                            0x2000288f   Data        1024  nrf_log.o(.bss)
    buf_down                                 0x20002c8f   Data          16  nrf_log.o(.bss)
    .bss                                     0x20002ca0   Section     1160  segger_rtt.o(.bss)
    _acUpBuffer                              0x20002ca0   Data        1024  segger_rtt.o(.bss)
    _acDownBuffer                            0x200030a0   Data          16  segger_rtt.o(.bss)
    .bss                                     0x20003128   Section       12  softdevice_handler.o(.bss)
    STACK                                    0x20003138   Section     8192  arm_startup_nrf52.o(STACK)

    Global Symbols

    Symbol Name                              Value     Ov Type        Size  Object(Section)

    BuildAttributes$$THM_ISAv4$E$P$D$K$B$S$7EM$VFPi3$EXTD16$VFPS$VFMA$PE$A:L22UL41UL21$X:L11$S22US41US21$IEEE1$IW$USESV6$~STKCKD$USESV7$~SHL$OSPACE$ROPI$EBA8$MICROLIB$REQ8$PRES8$EABIv2 0x00000000   Number         0  anon$$obj.o ABSOLUTE
    __ARM_use_no_argv                        0x00000000   Number         0  main.o ABSOLUTE
    __cpp_initialize__aeabi_                  - Undefined Weak Reference
    __cxa_finalize                            - Undefined Weak Reference
    __decompress                              - Undefined Weak Reference
    _clock_init                               - Undefined Weak Reference
    _microlib_exit                            - Undefined Weak Reference
    fs_data$$Base                             - Undefined Reference
    fs_data$$Limit                            - Undefined Reference
    __Vectors_Size                           0x00000400   Number         0  arm_startup_nrf52.o ABSOLUTE
    __Vectors                                0x0001c000   Data           4  arm_startup_nrf52.o(RESET)
    __Vectors_End                            0x0001c400   Data           0  arm_startup_nrf52.o(RESET)
    __main                                   0x0001c401   Thumb Code     0  entry.o(.ARM.Collect$$$$00000000)
    _main_stk                                0x0001c401   Thumb Code     0  entry2.o(.ARM.Collect$$$$00000001)
    _main_scatterload                        0x0001c405   Thumb Code     0  entry5.o(.ARM.Collect$$$$00000004)
    __main_after_scatterload                 0x0001c409   Thumb Code     0  entry5.o(.ARM.Collect$$$$00000004)
    _main_clock                              0x0001c409   Thumb Code     0  entry7b.o(.ARM.Collect$$$$00000008)
    _main_cpp_init                           0x0001c409   Thumb Code     0  entry8b.o(.ARM.Collect$$$$0000000A)
    _main_init                               0x0001c409   Thumb Code     0  entry9a.o(.ARM.Collect$$$$0000000B)
    __rt_final_cpp                           0x0001c411   Thumb Code     0  entry10a.o(.ARM.Collect$$$$0000000D)
    __rt_final_exit                          0x0001c411   Thumb Code     0  entry11a.o(.ARM.Collect$$$$0000000F)
    __asm___13_nrf_drv_twi_c_a9bcf68d__nrf_delay_us 0x0001c415   Thumb Code   118  nrf_drv_twi.o(.emb_text)
    __asm___11_nrf_delay_c_532987f3__nrf_delay_us 0x0001c48d   Thumb Code   118  nrf_delay.o(.emb_text)
    __asm___11_app_timer_c_cd27f9c3__nrf_delay_us 0x0001c505   Thumb Code   118  app_timer.o(.emb_text)
    Reset_Handler                            0x0001c57d   Thumb Code     8  arm_startup_nrf52.o(.text)
    NMI_Handler                              0x0001c585   Thumb Code     2  arm_startup_nrf52.o(.text)
    HardFault_Handler                        0x0001c587   Thumb Code     2  arm_startup_nrf52.o(.text)
    MemoryManagement_Handler                 0x0001c589   Thumb Code     2  arm_startup_nrf52.o(.text)
    BusFault_Handler                         0x0001c58b   Thumb Code     2  arm_startup_nrf52.o(.text)
    UsageFault_Handler                       0x0001c58d   Thumb Code     2  arm_startup_nrf52.o(.text)
    SVC_Handler                              0x0001c58f   Thumb Code     2  arm_startup_nrf52.o(.text)
    DebugMonitor_Handler                     0x0001c591   Thumb Code     2  arm_startup_nrf52.o(.text)
    PendSV_Handler                           0x0001c593   Thumb Code     2  arm_startup_nrf52.o(.text)
    SysTick_Handler                          0x0001c595   Thumb Code     2  arm_startup_nrf52.o(.text)
    CCM_AAR_IRQHandler                       0x0001c597   Thumb Code     0  arm_startup_nrf52.o(.text)
    COMP_LPCOMP_IRQHandler                   0x0001c597   Thumb Code     0  arm_startup_nrf52.o(.text)
    ECB_IRQHandler                           0x0001c597   Thumb Code     0  arm_startup_nrf52.o(.text)
    FPU_IRQHandler                           0x0001c597   Thumb Code     0  arm_startup_nrf52.o(.text)
    I2S_IRQHandler                           0x0001c597   Thumb Code     0  arm_startup_nrf52.o(.text)
    MWU_IRQHandler                           0x0001c597   Thumb Code     0  arm_startup_nrf52.o(.text)
    NFCT_IRQHandler                          0x0001c597   Thumb Code     0  arm_startup_nrf52.o(.text)
    PDM_IRQHandler                           0x0001c597   Thumb Code     0  arm_startup_nrf52.o(.text)
    POWER_CLOCK_IRQHandler                   0x0001c597   Thumb Code     0  arm_startup_nrf52.o(.text)
    PWM0_IRQHandler                          0x0001c597   Thumb Code     0  arm_startup_nrf52.o(.text)
    PWM1_IRQHandler                          0x0001c597   Thumb Code     0  arm_startup_nrf52.o(.text)
    PWM2_IRQHandler                          0x0001c597   Thumb Code     0  arm_startup_nrf52.o(.text)
    QDEC_IRQHandler                          0x0001c597   Thumb Code     0  arm_startup_nrf52.o(.text)
    RADIO_IRQHandler                         0x0001c597   Thumb Code     0  arm_startup_nrf52.o(.text)
    RNG_IRQHandler                           0x0001c597   Thumb Code     0  arm_startup_nrf52.o(.text)
    RTC0_IRQHandler                          0x0001c597   Thumb Code     0  arm_startup_nrf52.o(.text)
    RTC2_IRQHandler                          0x0001c597   Thumb Code     0  arm_startup_nrf52.o(.text)
    SAADC_IRQHandler                         0x0001c597   Thumb Code     0  arm_startup_nrf52.o(.text)
    SPIM2_SPIS2_SPI2_IRQHandler              0x0001c597   Thumb Code     0  arm_startup_nrf52.o(.text)
    SWI1_EGU1_IRQHandler                     0x0001c597   Thumb Code     0  arm_startup_nrf52.o(.text)
    SWI3_EGU3_IRQHandler                     0x0001c597   Thumb Code     0  arm_startup_nrf52.o(.text)
    SWI4_EGU4_IRQHandler                     0x0001c597   Thumb Code     0  arm_startup_nrf52.o(.text)
    SWI5_EGU5_IRQHandler                     0x0001c597   Thumb Code     0  arm_startup_nrf52.o(.text)
    TEMP_IRQHandler                          0x0001c597   Thumb Code     0  arm_startup_nrf52.o(.text)
    TIMER0_IRQHandler                        0x0001c597   Thumb Code     0  arm_startup_nrf52.o(.text)
    TIMER1_IRQHandler                        0x0001c597   Thumb Code     0  arm_startup_nrf52.o(.text)
    TIMER2_IRQHandler                        0x0001c597   Thumb Code     0  arm_startup_nrf52.o(.text)
    TIMER3_IRQHandler                        0x0001c597   Thumb Code     0  arm_startup_nrf52.o(.text)
    TIMER4_IRQHandler                        0x0001c597   Thumb Code     0  arm_startup_nrf52.o(.text)
    WDT_IRQHandler                           0x0001c597   Thumb Code     0  arm_startup_nrf52.o(.text)
    __aeabi_memcpy                           0x0001c5a1   Thumb Code    36  memcpya.o(.text)
    __aeabi_memcpy4                          0x0001c5a1   Thumb Code     0  memcpya.o(.text)
    __aeabi_memcpy8                          0x0001c5a1   Thumb Code     0  memcpya.o(.text)
    __aeabi_memset                           0x0001c5c5   Thumb Code    14  memseta.o(.text)
    __aeabi_memset4                          0x0001c5c5   Thumb Code     0  memseta.o(.text)
    __aeabi_memset8                          0x0001c5c5   Thumb Code     0  memseta.o(.text)
    __aeabi_memclr                           0x0001c5d3   Thumb Code     4  memseta.o(.text)
    __aeabi_memclr4                          0x0001c5d3   Thumb Code     0  memseta.o(.text)
    __aeabi_memclr8                          0x0001c5d3   Thumb Code     0  memseta.o(.text)
    _memset$wrapper                          0x0001c5d7   Thumb Code    18  memseta.o(.text)
    memcmp                                   0x0001c5e9   Thumb Code    26  memcmp.o(.text)
    strcpy                                   0x0001c603   Thumb Code    18  strcpy.o(.text)
    __aeabi_dmul                             0x0001c615   Thumb Code   228  dmul.o(.text)
    __aeabi_ui2d                             0x0001c6f9   Thumb Code    26  dfltui.o(.text)
    __aeabi_d2uiz                            0x0001c713   Thumb Code    50  dfixui.o(.text)
    __aeabi_llsr                             0x0001c745   Thumb Code    32  llushr.o(.text)
    _ll_ushift_r                             0x0001c745   Thumb Code     0  llushr.o(.text)
    __I$use$fp                               0x0001c765   Thumb Code     0  iusefp.o(.text)
    _double_round                            0x0001c765   Thumb Code    30  depilogue.o(.text)
    _double_epilogue                         0x0001c783   Thumb Code   156  depilogue.o(.text)
    __scatterload                            0x0001c821   Thumb Code    28  init.o(.text)
    __scatterload_rt2                        0x0001c821   Thumb Code     0  init.o(.text)
    __aeabi_llsl                             0x0001c845   Thumb Code    30  llshl.o(.text)
    _ll_shift_l                              0x0001c845   Thumb Code     0  llshl.o(.text)
    GPIOTE_IRQHandler                        0x0001c865   Thumb Code   316  nrf_drv_gpiote.o(i.GPIOTE_IRQHandler)
    RTC1_IRQHandler                          0x0001ca11   Thumb Code    32  app_timer.o(i.RTC1_IRQHandler)
    SEGGER_RTT_ConfigDownBuffer              0x0001ca35   Thumb Code    74  segger_rtt.o(i.SEGGER_RTT_ConfigDownBuffer)
    SEGGER_RTT_ConfigUpBuffer                0x0001ca85   Thumb Code    74  segger_rtt.o(i.SEGGER_RTT_ConfigUpBuffer)
    SEGGER_RTT_Write                         0x0001cad5   Thumb Code    32  segger_rtt.o(i.SEGGER_RTT_Write)
    SEGGER_RTT_WriteNoLock                   0x0001caf9   Thumb Code    86  segger_rtt.o(i.SEGGER_RTT_WriteNoLock)
    SEGGER_RTT_vprintf                       0x0001cb55   Thumb Code   406  segger_rtt_printf.o(i.SEGGER_RTT_vprintf)
    SPIM0_SPIS0_TWIM0_TWIS0_SPI0_TWI0_IRQHandler 0x0001cced   Thumb Code    48  nrf_drv_spi.o(i.SPIM0_SPIS0_TWIM0_TWIS0_SPI0_TWI0_IRQHandler)
    SPIM1_SPIS1_TWIM1_TWIS1_SPI1_TWI1_IRQHandler 0x0001cd25   Thumb Code    10  nrf_drv_twi.o(i.SPIM1_SPIS1_TWIM1_TWIS1_SPI1_TWI1_IRQHandler)
    SWI0_EGU0_IRQHandler                     0x0001cd35   Thumb Code     4  app_timer.o(i.SWI0_EGU0_IRQHandler)
    SWI2_EGU2_IRQHandler                     0x0001cd39   Thumb Code    32  softdevice_handler.o(i.SWI2_EGU2_IRQHandler)
    SystemInit                               0x0001cd5d   Thumb Code   566  system_nrf52.o(i.SystemInit)
    UARTE0_UART0_IRQHandler                  0x0001cfc9   Thumb Code    14  nrf_drv_uart.o(i.UARTE0_UART0_IRQHandler)
    __scatterload_copy                       0x0001d2cf   Thumb Code    14  handlers.o(i.__scatterload_copy)
    __scatterload_null                       0x0001d2dd   Thumb Code     2  handlers.o(i.__scatterload_null)
    __scatterload_zeroinit                   0x0001d2df   Thumb Code    14  handlers.o(i.__scatterload_zeroinit)
    adv_data_encode                          0x0001d2ed   Thumb Code   514  ble_advdata.o(i.adv_data_encode)
    app_button_enable                        0x0001d545   Thumb Code    32  app_button.o(i.app_button_enable)
    app_button_init                          0x0001d569   Thumb Code    96  app_button.o(i.app_button_init)
    app_error_fault_handler                  0x0001d5d9   Thumb Code    26  app_error_weak.o(i.app_error_fault_handler)
    app_error_handler_bare                   0x0001d5fd   Thumb Code    22  app_error.o(i.app_error_handler_bare)
    app_timer_create                         0x0001d671   Thumb Code    32  app_timer.o(i.app_timer_create)
    app_timer_init                           0x0001d695   Thumb Code   134  app_timer.o(i.app_timer_init)
    app_timer_start                          0x0001d725   Thumb Code   118  app_timer.o(i.app_timer_start)
    app_timer_stop                           0x0001d7a5   Thumb Code    76  app_timer.o(i.app_timer_stop)
    ble_advdata_set                          0x0001d84d   Thumb Code   104  ble_advdata.o(i.ble_advdata_set)
    ble_advertising_init                     0x0001d8b5   Thumb Code   274  ble_advertising.o(i.ble_advertising_init)
    ble_advertising_on_ble_evt               0x0001d9d1   Thumb Code   122  ble_advertising.o(i.ble_advertising_on_ble_evt)
    ble_advertising_on_sys_evt               0x0001da51   Thumb Code    46  ble_advertising.o(i.ble_advertising_on_sys_evt)
    ble_advertising_restart_without_whitelist 0x0001da95   Thumb Code    70  ble_advertising.o(i.ble_advertising_restart_without_whitelist)
    ble_advertising_start                    0x0001dae5   Thumb Code   470  ble_advertising.o(i.ble_advertising_start)
    ble_bas_battery_level_send               0x0001dcc5   Thumb Code    78  ble_bas.o(i.ble_bas_battery_level_send)
    ble_bas_battery_level_set                0x0001dd13   Thumb Code    46  ble_bas.o(i.ble_bas_battery_level_set)
    ble_bas_init                             0x0001dd41   Thumb Code   210  ble_bas.o(i.ble_bas_init)
    ble_bas_on_ble_evt                       0x0001de19   Thumb Code    62  ble_bas.o(i.ble_bas_on_ble_evt)
    ble_conn_params_init                     0x0001de59   Thumb Code    72  ble_conn_params.o(i.ble_conn_params_init)
    ble_conn_params_on_ble_evt               0x0001deb1   Thumb Code   228  ble_conn_params.o(i.ble_conn_params_on_ble_evt)
    ble_motion_service_init                  0x0001e06d   Thumb Code   160  ble_motion_service.o(i.ble_motion_service_init)
    ble_motion_service_motion_data_send      0x0001e111   Thumb Code    78  ble_motion_service.o(i.ble_motion_service_motion_data_send)
    ble_motion_service_on_ble_evt            0x0001e15f   Thumb Code    62  ble_motion_service.o(i.ble_motion_service_on_ble_evt)
    bluetooth_init                           0x0001e215   Thumb Code    94  service_if.o(i.bluetooth_init)
    bluetooth_on_ble_evt                     0x0001e285   Thumb Code    26  service_if.o(i.bluetooth_on_ble_evt)
    bond_data_load                           0x0001e2a5   Thumb Code    60  device_manager_peripheral.o(i.bond_data_load)
    bsp_btn_ble_init                         0x0001e2ed   Thumb Code    72  bsp_btn_ble.o(i.bsp_btn_ble_init)
    bsp_btn_ble_on_ble_evt                   0x0001e339   Thumb Code   106  bsp_btn_ble.o(i.bsp_btn_ble_on_ble_evt)
    bsp_btn_ble_sleep_mode_prepare           0x0001e3a9   Thumb Code    18  bsp_btn_ble.o(i.bsp_btn_ble_sleep_mode_prepare)
    bsp_button_is_pressed                    0x0001e465   Thumb Code    34  bsp.o(i.bsp_button_is_pressed)
    bsp_event_handler                        0x0001e491   Thumb Code    54  main.o(i.bsp_event_handler)
    bsp_event_to_button_action_assign        0x0001e4cd   Thumb Code    64  bsp.o(i.bsp_event_to_button_action_assign)
    bsp_indication_set                       0x0001e511   Thumb Code    20  bsp.o(i.bsp_indication_set)
    bsp_init                                 0x0001e529   Thumb Code   140  bsp.o(i.bsp_init)
    bsp_wakeup_buttons_set                   0x0001e7f1   Thumb Code    54  bsp.o(i.bsp_wakeup_buttons_set)
    characteristic_add                       0x0001e8a9   Thumb Code   394  ble_srv_common.o(i.characteristic_add)
    dm_ble_evt_handler                       0x0001f155   Thumb Code  1110  device_manager_peripheral.o(i.dm_ble_evt_handler)
    dm_handle_initialize                     0x0001f5ab   Thumb Code    22  device_manager_peripheral.o(i.dm_handle_initialize)
    dm_init                                  0x0001f5c1   Thumb Code   182  device_manager_peripheral.o(i.dm_init)
    dm_register                              0x0001f811   Thumb Code    94  device_manager_peripheral.o(i.dm_register)
    fs_queued_op_count_get                   0x0001f96d   Thumb Code    16  fstorage.o(i.fs_queued_op_count_get)
    intern_softdevice_events_execute         0x0001fc19   Thumb Code   106  softdevice_handler.o(i.intern_softdevice_events_execute)
    log_rtt_init                             0x0001ff9d   Thumb Code    54  nrf_log.o(i.log_rtt_init)
    log_rtt_printf                           0x0001fff1   Thumb Code    22  nrf_log.o(i.log_rtt_printf)
    main                                     0x00020009   Thumb Code   532  main.o(i.main)
    nrf_delay_ms                             0x000204cd   Thumb Code    26  nrf_delay.o(i.nrf_delay_ms)
    nrf_drv_common_irq_enable                0x000204e7   Thumb Code    56  nrf_drv_common.o(i.nrf_drv_common_irq_enable)
    nrf_drv_gpiote_in_event_enable           0x00020521   Thumb Code   150  nrf_drv_gpiote.o(i.nrf_drv_gpiote_in_event_enable)
    nrf_drv_gpiote_in_init                   0x000205c5   Thumb Code   170  nrf_drv_gpiote.o(i.nrf_drv_gpiote_in_init)
    nrf_drv_gpiote_in_is_set                 0x0002067d   Thumb Code    16  nrf_drv_gpiote.o(i.nrf_drv_gpiote_in_is_set)
    nrf_drv_gpiote_init                      0x00020691   Thumb Code    76  nrf_drv_gpiote.o(i.nrf_drv_gpiote_init)
    nrf_drv_gpiote_is_init                   0x000206e5   Thumb Code    14  nrf_drv_gpiote.o(i.nrf_drv_gpiote_is_init)
    nrf_drv_spi_init                         0x000206f9   Thumb Code   278  nrf_drv_spi.o(i.nrf_drv_spi_init)
    nrf_drv_spi_transfer                     0x0002081d   Thumb Code    28  nrf_drv_spi.o(i.nrf_drv_spi_transfer)
    nrf_drv_spi_xfer                         0x00020839   Thumb Code    94  nrf_drv_spi.o(i.nrf_drv_spi_xfer)
    nrf_drv_twi_enable                       0x000208a1   Thumb Code    28  nrf_drv_twi.o(i.nrf_drv_twi_enable)
    nrf_drv_twi_init                         0x000208c1   Thumb Code   134  nrf_drv_twi.o(i.nrf_drv_twi_init)
    nrf_drv_twi_rx                           0x00020951   Thumb Code    32  nrf_drv_twi.o(i.nrf_drv_twi_rx)
    nrf_drv_twi_tx                           0x00020975   Thumb Code    36  nrf_drv_twi.o(i.nrf_drv_twi_tx)
    nrf_drv_twi_xfer                         0x00020999   Thumb Code    40  nrf_drv_twi.o(i.nrf_drv_twi_xfer)
    pstorage_access_status_get               0x00020b71   Thumb Code    28  pstorage.o(i.pstorage_access_status_get)
    pstorage_block_identifier_get            0x00020b95   Thumb Code    66  pstorage.o(i.pstorage_block_identifier_get)
    pstorage_clear                           0x00020be1   Thumb Code   138  pstorage.o(i.pstorage_clear)
    pstorage_init                            0x00020c9d   Thumb Code    68  pstorage.o(i.pstorage_init)
    pstorage_load                            0x00020ce9   Thumb Code   148  pstorage.o(i.pstorage_load)
    pstorage_register                        0x00020d85   Thumb Code   172  pstorage.o(i.pstorage_register)
    pstorage_store                           0x00020e39   Thumb Code   118  pstorage.o(i.pstorage_store)
    pstorage_sys_event_handler               0x00020eb9   Thumb Code    66  pstorage.o(i.pstorage_sys_event_handler)
    pstorage_update                          0x00020f01   Thumb Code   118  pstorage.o(i.pstorage_update)
    sd_check_ram_start                       0x0002101d   Thumb Code    44  softdevice_handler.o(i.sd_check_ram_start)
    softdevice_ble_evt_handler_set           0x0002124d   Thumb Code    14  softdevice_handler.o(i.softdevice_ble_evt_handler_set)
    softdevice_enable                        0x00021261   Thumb Code    84  softdevice_handler.o(i.softdevice_enable)
    softdevice_enable_get_default_config     0x0002135d   Thumb Code    38  softdevice_handler.o(i.softdevice_enable_get_default_config)
    softdevice_fault_handler                 0x00021383   Thumb Code     4  softdevice_handler.o(i.softdevice_fault_handler)
    softdevice_handler_init                  0x00021389   Thumb Code    66  softdevice_handler.o(i.softdevice_handler_init)
    softdevice_sys_evt_handler_set           0x000213d5   Thumb Code    14  softdevice_handler.o(i.softdevice_sys_evt_handler_set)
    spi_event_handler                        0x000213e9   Thumb Code     8  main.o(i.spi_event_handler)
    spi_init                                 0x000213f5   Thumb Code    80  main.o(i.spi_init)
    spi_send_recv                            0x0002144d   Thumb Code    54  main.o(i.spi_send_recv)
    twi_read                                 0x00021951   Thumb Code    58  main.o(i.twi_read)
    twi_read_data                            0x00021995   Thumb Code    58  main.o(i.twi_read_data)
    twi_write                                0x00021bed   Thumb Code    40  main.o(i.twi_write)
    m_context_init_len                       0x00022158   Data           4  device_manager_peripheral.o(.constdata)
    m_service_context_store                  0x0002215c   Data          16  device_manager_peripheral.o(.constdata)
    m_service_context_load                   0x0002216c   Data          16  device_manager_peripheral.o(.constdata)
    m_service_context_apply                  0x0002217c   Data          16  device_manager_peripheral.o(.constdata)
    Region$$Table$$Base                      0x000221dc   Number         0  anon$$obj.o(Region$$Table)
    Region$$Table$$Limit                     0x000221fc   Number         0  anon$$obj.o(Region$$Table)
    Image$$RW_IRAM1$$Base                    0x20001fe8   Number         0  anon$$obj.o ABSOLUTE
    m_motion_service_motion_data_initial_value_accel_arr 0x2000200a   Data           6  service_if.o(.data)
    m_motion_service_motion_data_initial_value_gyro1_arr 0x20002010   Data           6  service_if.o(.data)
    m_motion_service_motion_data_initial_value_gyro2_arr 0x20002016   Data           6  service_if.o(.data)
    SystemCoreClock                          0x200020f8   Data           4  system_nrf52.o(.data)
    m_bas                                    0x2000234c   Data          28  service_if.o(.bss)
    m_motion_service                         0x20002368   Data          16  service_if.o(.bss)
    _SEGGER_RTT                              0x200030b0   Data         120  segger_rtt.o(.bss)
    nrf_nvic_state                           0x20003128   Data          12  softdevice_handler.o(.bss)
    __initial_sp                             0x20005138   Data           0  arm_startup_nrf52.o(STACK)



==============================================================================

Memory Map of the image

  Image Entry point : 0x0001c401

  Load Region LR_IROM1 (Base: 0x0001c000, Size: 0x00006310, Max: 0x00064000, ABSOLUTE)

    Execution Region ER_IROM1 (Base: 0x0001c000, Size: 0x000061fc, Max: 0x00064000, ABSOLUTE)

    Base Addr    Size         Type   Attr      Idx    E Section Name        Object

    0x0001c000   0x00000400   Data   RO         3287    RESET               arm_startup_nrf52.o
    0x0001c400   0x00000000   Code   RO         3328  * .ARM.Collect$$$$00000000  mc_w.l(entry.o)
    0x0001c400   0x00000004   Code   RO         3356    .ARM.Collect$$$$00000001  mc_w.l(entry2.o)
    0x0001c404   0x00000004   Code   RO         3359    .ARM.Collect$$$$00000004  mc_w.l(entry5.o)
    0x0001c408   0x00000000   Code   RO         3361    .ARM.Collect$$$$00000008  mc_w.l(entry7b.o)
    0x0001c408   0x00000000   Code   RO         3363    .ARM.Collect$$$$0000000A  mc_w.l(entry8b.o)
    0x0001c408   0x00000008   Code   RO         3364    .ARM.Collect$$$$0000000B  mc_w.l(entry9a.o)
    0x0001c410   0x00000000   Code   RO         3366    .ARM.Collect$$$$0000000D  mc_w.l(entry10a.o)
    0x0001c410   0x00000000   Code   RO         3368    .ARM.Collect$$$$0000000F  mc_w.l(entry11a.o)
    0x0001c410   0x00000004   Code   RO         3357    .ARM.Collect$$$$00002712  mc_w.l(entry2.o)
    0x0001c414   0x00000076   Code   RO          572    .emb_text           nrf_drv_twi.o
    0x0001c48a   0x00000002   PAD
    0x0001c48c   0x00000076   Code   RO         1527    .emb_text           nrf_delay.o
    0x0001c502   0x00000002   PAD
    0x0001c504   0x00000076   Code   RO         2464    .emb_text           app_timer.o
    0x0001c57a   0x00000002   PAD
    0x0001c57c   0x00000024   Code   RO         3288    .text               arm_startup_nrf52.o
    0x0001c5a0   0x00000024   Code   RO         3336    .text               mc_w.l(memcpya.o)
    0x0001c5c4   0x00000024   Code   RO         3338    .text               mc_w.l(memseta.o)
    0x0001c5e8   0x0000001a   Code   RO         3344    .text               mc_w.l(memcmp.o)
    0x0001c602   0x00000012   Code   RO         3346    .text               mc_w.l(strcpy.o)
    0x0001c614   0x000000e4   Code   RO         3350    .text               mf_w.l(dmul.o)
    0x0001c6f8   0x0000001a   Code   RO         3352    .text               mf_w.l(dfltui.o)
    0x0001c712   0x00000032   Code   RO         3354    .text               mf_w.l(dfixui.o)
    0x0001c744   0x00000020   Code   RO         3371    .text               mc_w.l(llushr.o)
    0x0001c764   0x00000000   Code   RO         3373    .text               mc_w.l(iusefp.o)
    0x0001c764   0x000000ba   Code   RO         3375    .text               mf_w.l(depilogue.o)
    0x0001c81e   0x00000002   PAD
    0x0001c820   0x00000024   Code   RO         3377    .text               mc_w.l(init.o)
    0x0001c844   0x0000001e   Code   RO         3379    .text               mc_w.l(llshl.o)
    0x0001c862   0x00000002   PAD
    0x0001c864   0x00000148   Code   RO         1589    i.GPIOTE_IRQHandler  nrf_drv_gpiote.o
    0x0001c9ac   0x00000016   Code   RO         2465    i.NVIC_ClearPendingIRQ  app_timer.o
    0x0001c9c2   0x00000016   Code   RO         2466    i.NVIC_EnableIRQ    app_timer.o
    0x0001c9d8   0x00000016   Code   RO         2467    i.NVIC_SetPendingIRQ  app_timer.o
    0x0001c9ee   0x00000020   Code   RO         2468    i.NVIC_SetPriority  app_timer.o
    0x0001ca0e   0x00000002   PAD
    0x0001ca10   0x00000024   Code   RO         2469    i.RTC1_IRQHandler   app_timer.o
    0x0001ca34   0x00000050   Code   RO         2995    i.SEGGER_RTT_ConfigDownBuffer  segger_rtt.o
    0x0001ca84   0x00000050   Code   RO         2996    i.SEGGER_RTT_ConfigUpBuffer  segger_rtt.o
    0x0001cad4   0x00000024   Code   RO         3008    i.SEGGER_RTT_Write  segger_rtt.o
    0x0001caf8   0x0000005c   Code   RO         3009    i.SEGGER_RTT_WriteNoLock  segger_rtt.o
    0x0001cb54   0x00000196   Code   RO         3134    i.SEGGER_RTT_vprintf  segger_rtt_printf.o
    0x0001ccea   0x00000002   PAD
    0x0001ccec   0x00000038   Code   RO         1791    i.SPIM0_SPIS0_TWIM0_TWIS0_SPI0_TWI0_IRQHandler  nrf_drv_spi.o
    0x0001cd24   0x00000010   Code   RO          573    i.SPIM1_SPIS1_TWIM1_TWIS1_SPI1_TWI1_IRQHandler  nrf_drv_twi.o
    0x0001cd34   0x00000004   Code   RO         2470    i.SWI0_EGU0_IRQHandler  app_timer.o
    0x0001cd38   0x00000024   Code   RO         3170    i.SWI2_EGU2_IRQHandler  softdevice_handler.o
    0x0001cd5c   0x0000026c   Code   RO         3296    i.SystemInit        system_nrf52.o
    0x0001cfc8   0x00000014   Code   RO         1879    i.UARTE0_UART0_IRQHandler  nrf_drv_uart.o
    0x0001cfdc   0x00000068   Code   RO         3012    i._DoInit           segger_rtt.o
    0x0001d044   0x00000016   Code   RO         3013    i._GetAvailWriteSpace  segger_rtt.o
    0x0001d05a   0x00000002   PAD
    0x0001d05c   0x000000c6   Code   RO         3135    i._PrintInt         segger_rtt_printf.o
    0x0001d122   0x00000002   PAD
    0x0001d124   0x000000d4   Code   RO         3136    i._PrintUnsigned    segger_rtt_printf.o
    0x0001d1f8   0x0000003e   Code   RO         3137    i._StoreChar        segger_rtt_printf.o
    0x0001d236   0x0000005a   Code   RO         3015    i._WriteBlocking    segger_rtt.o
    0x0001d290   0x0000003e   Code   RO         3016    i._WriteNoCheck     segger_rtt.o
    0x0001d2ce   0x0000000e   Code   RO         3383    i.__scatterload_copy  mc_w.l(handlers.o)
    0x0001d2dc   0x00000002   Code   RO         3384    i.__scatterload_null  mc_w.l(handlers.o)
    0x0001d2de   0x0000000e   Code   RO         3385    i.__scatterload_zeroinit  mc_w.l(handlers.o)
    0x0001d2ec   0x00000202   Code   RO          896    i.adv_data_encode   ble_advdata.o
    0x0001d4ee   0x00000036   Code   RO          850    i.advertising_buttons_configure  bsp_btn_ble.o
    0x0001d524   0x00000020   Code   RO          730    i.alert_timer_handler  bsp.o
    0x0001d544   0x00000024   Code   RO         2323    i.app_button_enable  app_button.o
    0x0001d568   0x00000070   Code   RO         2324    i.app_button_init   app_button.o
    0x0001d5d8   0x00000024   Code   RO         2433    i.app_error_fault_handler  app_error_weak.o
    0x0001d5fc   0x00000016   Code   RO         2382    i.app_error_handler_bare  app_error.o
    0x0001d612   0x00000002   PAD
    0x0001d614   0x0000000c   Code   RO         1190    i.app_evt_notify    device_manager_peripheral.o
    0x0001d620   0x0000002c   Code   RO         2073    i.app_notify        pstorage.o
    0x0001d64c   0x00000024   Code   RO         2074    i.app_notify_error_state_transit  pstorage.o
    0x0001d670   0x00000024   Code   RO         2473    i.app_timer_create  app_timer.o
    0x0001d694   0x00000090   Code   RO         2474    i.app_timer_init    app_timer.o
    0x0001d724   0x00000080   Code   RO         2475    i.app_timer_start   app_timer.o
    0x0001d7a4   0x00000050   Code   RO         2476    i.app_timer_stop    app_timer.o
    0x0001d7f4   0x00000008   Code   RO          460    i.battery_level_encode  ble_bas.o
    0x0001d7fc   0x0000003c   Code   RO            6    i.battery_timeout_handler  main.o
    0x0001d838   0x00000014   Code   RO          522    i.bds_uint8_array_encode  ble_motion_service.o
    0x0001d84c   0x00000068   Code   RO          897    i.ble_advdata_set   ble_advdata.o
    0x0001d8b4   0x0000011c   Code   RO          981    i.ble_advertising_init  ble_advertising.o
    0x0001d9d0   0x00000080   Code   RO          982    i.ble_advertising_on_ble_evt  ble_advertising.o
    0x0001da50   0x00000034   Code   RO          983    i.ble_advertising_on_sys_evt  ble_advertising.o
    0x0001da84   0x00000010   Code   RO          985    i.ble_advertising_peer_address_clear  ble_advertising.o
    0x0001da94   0x00000050   Code   RO          986    i.ble_advertising_restart_without_whitelist  ble_advertising.o
    0x0001dae4   0x000001e0   Code   RO          987    i.ble_advertising_start  ble_advertising.o
    0x0001dcc4   0x0000004e   Code   RO          462    i.ble_bas_battery_level_send  ble_bas.o
    0x0001dd12   0x0000002e   Code   RO          463    i.ble_bas_battery_level_set  ble_bas.o
    0x0001dd40   0x000000d8   Code   RO          465    i.ble_bas_init      ble_bas.o
    0x0001de18   0x0000003e   Code   RO          466    i.ble_bas_on_ble_evt  ble_bas.o
    0x0001de56   0x00000002   PAD
    0x0001de58   0x00000058   Code   RO         1069    i.ble_conn_params_init  ble_conn_params.o
    0x0001deb0   0x00000110   Code   RO         1070    i.ble_conn_params_on_ble_evt  ble_conn_params.o
    0x0001dfc0   0x0000005e   Code   RO          898    i.ble_device_addr_encode  ble_advdata.o
    0x0001e01e   0x00000002   PAD
    0x0001e020   0x0000004c   Code   RO            7    i.ble_evt_dispatch  main.o
    0x0001e06c   0x000000a4   Code   RO          523    i.ble_motion_service_init  ble_motion_service.o
    0x0001e110   0x0000004e   Code   RO          524    i.ble_motion_service_motion_data_send  ble_motion_service.o
    0x0001e15e   0x0000003e   Code   RO          525    i.ble_motion_service_on_ble_evt  ble_motion_service.o
    0x0001e19c   0x00000078   Code   RO            8    i.ble_stack_init    main.o
    0x0001e214   0x00000070   Code   RO          406    i.bluetooth_init    service_if.o
    0x0001e284   0x00000020   Code   RO          407    i.bluetooth_on_ble_evt  service_if.o
    0x0001e2a4   0x00000048   Code   RO         1191    i.bond_data_load    device_manager_peripheral.o
    0x0001e2ec   0x0000004c   Code   RO          851    i.bsp_btn_ble_init  bsp_btn_ble.o
    0x0001e338   0x00000070   Code   RO          852    i.bsp_btn_ble_on_ble_evt  bsp_btn_ble.o
    0x0001e3a8   0x00000012   Code   RO          853    i.bsp_btn_ble_sleep_mode_prepare  bsp_btn_ble.o
    0x0001e3ba   0x00000002   PAD
    0x0001e3bc   0x000000a8   Code   RO          731    i.bsp_button_event_handler  bsp.o
    0x0001e464   0x0000002c   Code   RO          732    i.bsp_button_is_pressed  bsp.o
    0x0001e490   0x0000003c   Code   RO            9    i.bsp_event_handler  main.o
    0x0001e4cc   0x00000044   Code   RO          736    i.bsp_event_to_button_action_assign  bsp.o
    0x0001e510   0x00000018   Code   RO          737    i.bsp_indication_set  bsp.o
    0x0001e528   0x000000a4   Code   RO          739    i.bsp_init          bsp.o
    0x0001e5cc   0x00000224   Code   RO          740    i.bsp_led_indication  bsp.o
    0x0001e7f0   0x0000003c   Code   RO          741    i.bsp_wakeup_buttons_set  bsp.o
    0x0001e82c   0x00000008   Code   RO          742    i.button_timer_handler  bsp.o
    0x0001e834   0x0000001c   Code   RO         1590    i.channel_free      nrf_drv_gpiote.o
    0x0001e850   0x00000048   Code   RO         1591    i.channel_port_alloc  nrf_drv_gpiote.o
    0x0001e898   0x00000010   Code   RO         1592    i.channel_port_get  nrf_drv_gpiote.o
    0x0001e8a8   0x0000018a   Code   RO         1145    i.characteristic_add  ble_srv_common.o
    0x0001ea32   0x00000002   PAD
    0x0001ea34   0x000000fc   Code   RO         2075    i.clear_operation_execute  pstorage.o
    0x0001eb30   0x00000020   Code   RO         2076    i.clear_post_processing_run  pstorage.o
    0x0001eb50   0x00000034   Code   RO         2077    i.cmd_process       pstorage.o
    0x0001eb84   0x00000020   Code   RO         2078    i.cmd_queue_element_init  pstorage.o
    0x0001eba4   0x00000054   Code   RO         2079    i.cmd_queue_enqueue  pstorage.o
    0x0001ebf8   0x00000040   Code   RO         2080    i.command_end_procedure_run  pstorage.o
    0x0001ec38   0x000000ac   Code   RO         2478    i.compare_reg_update  app_timer.o
    0x0001ece4   0x00000088   Code   RO          899    i.conn_int_encode   ble_advdata.o
    0x0001ed6c   0x00000004   Code   RO           10    i.conn_params_error_handler  main.o
    0x0001ed70   0x000000b0   Code   RO           11    i.conn_params_init  main.o
    0x0001ee20   0x0000005c   Code   RO         1072    i.conn_params_negotiation  ble_conn_params.o
    0x0001ee7c   0x0000002c   Code   RO         1192    i.connection_instance_find  device_manager_peripheral.o
    0x0001eea8   0x00000028   Code   RO         1193    i.connection_instance_init  device_manager_peripheral.o
    0x0001eed0   0x00000054   Code   RO         2081    i.data_page_erase_state_run  pstorage.o
    0x0001ef24   0x00000020   Code   RO         2082    i.data_to_swap_write_state_run  pstorage.o
    0x0001ef44   0x00000060   Code   RO         2326    i.detection_delay_timeout_handler  app_button.o
    0x0001efa4   0x000000c0   Code   RO         1194    i.device_context_store  device_manager_peripheral.o
    0x0001f064   0x00000048   Code   RO         1195    i.device_instance_find  device_manager_peripheral.o
    0x0001f0ac   0x0000002c   Code   RO         1196    i.device_instance_free  device_manager_peripheral.o
    0x0001f0d8   0x0000000e   Code   RO           12    i.device_manager_evt_handler  main.o
    0x0001f0e6   0x00000002   PAD
    0x0001f0e8   0x0000006c   Code   RO           13    i.device_manager_init  main.o
    0x0001f154   0x00000456   Code   RO         1201    i.dm_ble_evt_handler  device_manager_peripheral.o
    0x0001f5aa   0x00000016   Code   RO         1207    i.dm_handle_initialize  device_manager_peripheral.o
    0x0001f5c0   0x000000c8   Code   RO         1208    i.dm_init           device_manager_peripheral.o
    0x0001f688   0x00000188   Code   RO         1211    i.dm_pstorage_cb_handler  device_manager_peripheral.o
    0x0001f810   0x00000068   Code   RO         1212    i.dm_register       device_manager_peripheral.o
    0x0001f878   0x00000040   Code   RO         2479    i.elapsed_ticks_acquire  app_timer.o
    0x0001f8b8   0x0000001c   Code   RO         2083    i.flash_api_err_code_process  pstorage.o
    0x0001f8d4   0x0000008c   Code   RO         2084    i.flash_operation_success_run  pstorage.o
    0x0001f960   0x00000006   Code   RO         2085    i.flash_page_erase  pstorage.o
    0x0001f966   0x00000006   Code   RO         2086    i.flash_write       pstorage.o
    0x0001f96c   0x00000014   Code   RO         2697    i.fs_queued_op_count_get  fstorage.o
    0x0001f980   0x00000004   Code   RO         1219    i.gattc_context_apply  device_manager_peripheral.o
    0x0001f984   0x00000004   Code   RO         1220    i.gattc_context_load  device_manager_peripheral.o
    0x0001f988   0x00000004   Code   RO         1221    i.gattc_context_store  device_manager_peripheral.o
    0x0001f98c   0x000000b0   Code   RO         1222    i.gatts_context_apply  device_manager_peripheral.o
    0x0001fa3c   0x00000038   Code   RO         1223    i.gatts_context_load  device_manager_peripheral.o
    0x0001fa74   0x000000c8   Code   RO         1224    i.gatts_context_store  device_manager_peripheral.o
    0x0001fb3c   0x00000004   Code   RO         1225    i.gattsc_context_apply  device_manager_peripheral.o
    0x0001fb40   0x00000004   Code   RO         1226    i.gattsc_context_load  device_manager_peripheral.o
    0x0001fb44   0x00000004   Code   RO         1227    i.gattsc_context_store  device_manager_peripheral.o
    0x0001fb48   0x00000058   Code   RO         2327    i.gpiote_event_handler  app_button.o
    0x0001fba0   0x00000078   Code   RO         2087    i.head_restore_state_run  pstorage.o
    0x0001fc18   0x00000070   Code   RO         3171    i.intern_softdevice_events_execute  softdevice_handler.o
    0x0001fc88   0x000000b6   Code   RO          574    i.irq_handler_twi   nrf_drv_twi.o
    0x0001fd3e   0x00000002   PAD
    0x0001fd40   0x0000001c   Code   RO         1073    i.is_conn_params_ok  ble_conn_params.o
    0x0001fd5c   0x00000044   Code   RO         2088    i.is_page_erase_required  pstorage.o
    0x0001fda0   0x0000000c   Code   RO         2089    i.is_word_aligned   pstorage.o
    0x0001fdac   0x00000054   Code   RO          900    i.le_role_encode    ble_advdata.o
    0x0001fe00   0x00000014   Code   RO          743    i.leds_timer_handler  bsp.o
    0x0001fe14   0x000000bc   Code   RO         2480    i.list_deletions_handler  app_timer.o
    0x0001fed0   0x000000cc   Code   RO         2481    i.list_insertions_handler  app_timer.o
    0x0001ff9c   0x00000054   Code   RO         2810    i.log_rtt_init      nrf_log.o
    0x0001fff0   0x00000016   Code   RO         2811    i.log_rtt_printf    nrf_log.o
    0x00020006   0x00000002   PAD
    0x00020008   0x00000244   Code   RO           14    i.main              main.o
    0x0002024c   0x00000014   Code   RO         2090    i.main_state_err_busy_process  pstorage.o
    0x00020260   0x00000064   Code   RO          901    i.manuf_specific_data_encode  ble_advdata.o
    0x000202c4   0x0000003a   Code   RO          526    i.motion_data_encode  ble_motion_service.o
    0x000202fe   0x00000002   PAD
    0x00020300   0x00000124   Code   RO           16    i.motion_data_timeout_handler  main.o
    0x00020424   0x0000009c   Code   RO          902    i.name_encode       ble_advdata.o
    0x000204c0   0x00000004   Code   RO         1228    i.no_service_context_apply  device_manager_peripheral.o
    0x000204c4   0x00000004   Code   RO         1229    i.no_service_context_load  device_manager_peripheral.o
    0x000204c8   0x00000004   Code   RO         1230    i.no_service_context_store  device_manager_peripheral.o
    0x000204cc   0x0000001a   Code   RO         1528    i.nrf_delay_ms      nrf_delay.o
    0x000204e6   0x00000038   Code   RO         1558    i.nrf_drv_common_irq_enable  nrf_drv_common.o
    0x0002051e   0x00000002   PAD
    0x00020520   0x000000a4   Code   RO         1595    i.nrf_drv_gpiote_in_event_enable  nrf_drv_gpiote.o
    0x000205c4   0x000000b8   Code   RO         1596    i.nrf_drv_gpiote_in_init  nrf_drv_gpiote.o
    0x0002067c   0x00000014   Code   RO         1597    i.nrf_drv_gpiote_in_is_set  nrf_drv_gpiote.o
    0x00020690   0x00000054   Code   RO         1599    i.nrf_drv_gpiote_init  nrf_drv_gpiote.o
    0x000206e4   0x00000014   Code   RO         1600    i.nrf_drv_gpiote_is_init  nrf_drv_gpiote.o
    0x000206f8   0x00000124   Code   RO         1792    i.nrf_drv_spi_init  nrf_drv_spi.o
    0x0002081c   0x0000001c   Code   RO         1793    i.nrf_drv_spi_transfer  nrf_drv_spi.o
    0x00020838   0x00000068   Code   RO         1795    i.nrf_drv_spi_xfer  nrf_drv_spi.o
    0x000208a0   0x00000020   Code   RO          577    i.nrf_drv_twi_enable  nrf_drv_twi.o
    0x000208c0   0x00000090   Code   RO          578    i.nrf_drv_twi_init  nrf_drv_twi.o
    0x00020950   0x00000024   Code   RO          579    i.nrf_drv_twi_rx    nrf_drv_twi.o
    0x00020974   0x00000024   Code   RO          582    i.nrf_drv_twi_tx    nrf_drv_twi.o
    0x00020998   0x0000002c   Code   RO          584    i.nrf_drv_twi_xfer  nrf_drv_twi.o
    0x000209c4   0x00000022   Code   RO         1612    i.nrf_gpio_cfg      nrf_drv_gpiote.o
    0x000209e6   0x00000022   Code   RO         1796    i.nrf_gpio_cfg      nrf_drv_spi.o
    0x00020a08   0x00000014   Code   RO         1797    i.nrf_gpio_cfg_output  nrf_drv_spi.o
    0x00020a1c   0x0000001c   Code   RO         1614    i.nrf_gpio_cfg_sense_set  nrf_drv_gpiote.o
    0x00020a38   0x00000010   Code   RO          585    i.nrf_gpio_pin_set  nrf_drv_twi.o
    0x00020a48   0x00000010   Code   RO         1798    i.nrf_gpio_pin_set  nrf_drv_spi.o
    0x00020a58   0x00000014   Code   RO         1615    i.nrf_gpiote_event_clear  nrf_drv_gpiote.o
    0x00020a6c   0x00000010   Code   RO         1616    i.nrf_gpiote_event_is_set  nrf_drv_gpiote.o
    0x00020a7c   0x0000000a   Code   RO          586    i.nrf_twi_event_check  nrf_drv_twi.o
    0x00020a86   0x0000000a   Code   RO         1898    i.nrf_uart_event_check  nrf_drv_uart.o
    0x00020a90   0x0000000c   Code   RO         1899    i.nrf_uart_int_enable_check  nrf_drv_uart.o
    0x00020a9c   0x0000000a   Code   RO         1900    i.nrf_uarte_event_check  nrf_drv_uart.o
    0x00020aa6   0x00000024   Code   RO           17    i.on_adv_evt        main.o
    0x00020aca   0x00000002   Code   RO          408    i.on_bas_evt        service_if.o
    0x00020acc   0x0000001c   Code   RO           18    i.on_conn_params_evt  main.o
    0x00020ae8   0x00000002   Code   RO          409    i.on_motion_service_evt  service_if.o
    0x00020aea   0x00000014   Code   RO          989    i.peer_address_exists  ble_advertising.o
    0x00020afe   0x00000002   PAD
    0x00020b00   0x00000040   Code   RO         1231    i.peer_instance_init  device_manager_peripheral.o
    0x00020b40   0x00000018   Code   RO         1617    i.pin_in_use_by_port  nrf_drv_gpiote.o
    0x00020b58   0x00000018   Code   RO         1618    i.pin_in_use_by_te  nrf_drv_gpiote.o
    0x00020b70   0x00000024   Code   RO         2091    i.pstorage_access_status_get  pstorage.o
    0x00020b94   0x0000004c   Code   RO         2092    i.pstorage_block_identifier_get  pstorage.o
    0x00020be0   0x00000094   Code   RO         2093    i.pstorage_clear    pstorage.o
    0x00020c74   0x0000001e   Code   RO         2094    i.pstorage_flash_page_end  pstorage.o
    0x00020c92   0x0000000a   Code   RO         2095    i.pstorage_flash_page_size  pstorage.o
    0x00020c9c   0x0000004c   Code   RO         2096    i.pstorage_init     pstorage.o
    0x00020ce8   0x0000009c   Code   RO         2097    i.pstorage_load     pstorage.o
    0x00020d84   0x000000b4   Code   RO         2098    i.pstorage_register  pstorage.o
    0x00020e38   0x00000080   Code   RO         2099    i.pstorage_store    pstorage.o
    0x00020eb8   0x00000048   Code   RO         2100    i.pstorage_sys_event_handler  pstorage.o
    0x00020f00   0x00000080   Code   RO         2101    i.pstorage_update   pstorage.o
    0x00020f80   0x00000010   Code   RO         3172    i.ram_end_address_get  softdevice_handler.o
    0x00020f90   0x0000003c   Code   RO         2482    i.rtc1_stop         app_timer.o
    0x00020fcc   0x00000030   Code   RO         1902    i.rx_byte           nrf_drv_uart.o
    0x00020ffc   0x00000020   Code   RO         1903    i.rx_done_event     nrf_drv_uart.o
    0x0002101c   0x0000008c   Code   RO         3173    i.sd_check_ram_start  softdevice_handler.o
    0x000210a8   0x00000088   Code   RO         3174    i.sd_nvic_EnableIRQ  softdevice_handler.o
    0x00021130   0x00000088   Code   RO          903    i.service_data_encode  ble_advdata.o
    0x000211b8   0x00000030   Code   RO         1147    i.set_security_req  ble_srv_common.o
    0x000211e8   0x00000028   Code   RO           19    i.sleep_mode_enter  main.o
    0x00021210   0x0000003c   Code   RO         2102    i.sm_state_change   pstorage.o
    0x0002124c   0x00000014   Code   RO         3175    i.softdevice_ble_evt_handler_set  softdevice_handler.o
    0x00021260   0x000000fc   Code   RO         3176    i.softdevice_enable  softdevice_handler.o
    0x0002135c   0x00000026   Code   RO         3177    i.softdevice_enable_get_default_config  softdevice_handler.o
    0x00021382   0x00000004   Code   RO         3178    i.softdevice_fault_handler  softdevice_handler.o
    0x00021386   0x00000002   PAD
    0x00021388   0x0000004c   Code   RO         3179    i.softdevice_handler_init  softdevice_handler.o
    0x000213d4   0x00000014   Code   RO         3182    i.softdevice_sys_evt_handler_set  softdevice_handler.o
    0x000213e8   0x0000000c   Code   RO           20    i.spi_event_handler  main.o
    0x000213f4   0x00000058   Code   RO           21    i.spi_init          main.o
    0x0002144c   0x00000040   Code   RO           22    i.spi_send_recv     main.o
    0x0002148c   0x0000006e   Code   RO         1799    i.spi_xfer          nrf_drv_spi.o
    0x000214fa   0x00000002   PAD
    0x000214fc   0x00000068   Code   RO         2103    i.state_data_erase_swap_entry_run  pstorage.o
    0x00021564   0x0000000c   Code   RO         2104    i.state_erase_data_page_entry_run  pstorage.o
    0x00021570   0x0000002c   Code   RO         2105    i.state_restore_head_entry_run  pstorage.o
    0x0002159c   0x00000050   Code   RO         2106    i.state_restore_tail_entry_run  pstorage.o
    0x000215ec   0x0000001e   Code   RO         2107    i.state_swap_erase_entry_run  pstorage.o
    0x0002160a   0x00000002   PAD
    0x0002160c   0x00000030   Code   RO         2108    i.state_write_data_swap_entry_run  pstorage.o
    0x0002163c   0x00000004   Code   RO         1232    i.storage_operation_dummy_handler  device_manager_peripheral.o
    0x00021640   0x0000005c   Code   RO         2109    i.store_cmd_flash_write_execute  pstorage.o
    0x0002169c   0x00000018   Code   RO         2110    i.swap_erase_state_run  pstorage.o
    0x000216b4   0x00000014   Code   RO         2111    i.swap_sub_state_err_busy_process  pstorage.o
    0x000216c8   0x00000014   Code   RO         2112    i.swap_sub_state_state_change  pstorage.o
    0x000216dc   0x00000012   Code   RO           23    i.sys_evt_dispatch  main.o
    0x000216ee   0x00000002   PAD
    0x000216f0   0x00000014   Code   RO         2113    i.tail_restore_state_run  pstorage.o
    0x00021704   0x0000008c   Code   RO         2483    i.timer_list_handler  app_timer.o
    0x00021790   0x0000003c   Code   RO         2484    i.timer_list_insert  app_timer.o
    0x000217cc   0x00000084   Code   RO         2485    i.timer_timeouts_check  app_timer.o
    0x00021850   0x0000004e   Code   RO         1800    i.transfer_byte     nrf_drv_spi.o
    0x0002189e   0x00000002   PAD
    0x000218a0   0x000000b0   Code   RO          587    i.twi_clear_bus     nrf_drv_twi.o
    0x00021950   0x00000044   Code   RO           25    i.twi_read          main.o
    0x00021994   0x00000044   Code   RO           26    i.twi_read_data     main.o
    0x000219d8   0x0000007c   Code   RO          588    i.twi_rx_start_transfer  nrf_drv_twi.o
    0x00021a54   0x00000028   Code   RO          589    i.twi_send_byte     nrf_drv_twi.o
    0x00021a7c   0x000000f2   Code   RO          590    i.twi_transfer      nrf_drv_twi.o
    0x00021b6e   0x0000007c   Code   RO          591    i.twi_tx_start_transfer  nrf_drv_twi.o
    0x00021bea   0x00000002   PAD
    0x00021bec   0x00000030   Code   RO           27    i.twi_write         main.o
    0x00021c1c   0x0000008c   Code   RO          592    i.twi_xfer          nrf_drv_twi.o
    0x00021ca8   0x00000024   Code   RO         1905    i.tx_byte           nrf_drv_uart.o
    0x00021ccc   0x00000024   Code   RO         1906    i.tx_done_event     nrf_drv_uart.o
    0x00021cf0   0x00000108   Code   RO         1907    i.uart_irq_handler  nrf_drv_uart.o
    0x00021df8   0x000000d8   Code   RO         1908    i.uarte_irq_handler  nrf_drv_uart.o
    0x00021ed0   0x0000000a   Code   RO          904    i.uint16_encode     ble_advdata.o
    0x00021eda   0x00000002   PAD
    0x00021edc   0x00000014   Code   RO         1233    i.update_status_bit_reset  device_manager_peripheral.o
    0x00021ef0   0x00000060   Code   RO         1074    i.update_timeout_handler  ble_conn_params.o
    0x00021f50   0x0000003e   Code   RO         2486    i.user_id_get       app_timer.o
    0x00021f8e   0x00000028   Code   RO         2487    i.user_op_alloc     app_timer.o
    0x00021fb6   0x00000030   Code   RO          905    i.uuid_list_encode  ble_advdata.o
    0x00021fe6   0x0000009e   Code   RO          906    i.uuid_list_sized_encode  ble_advdata.o
    0x00022084   0x0000000e   Code   RO          990    i.whitelist_has_entries  ble_advertising.o
    0x00022092   0x00000002   PAD
    0x00022094   0x00000048   Data   RO           31    .constdata          main.o
    0x000220dc   0x00000010   Data   RO          467    .constdata          ble_bas.o
    0x000220ec   0x00000010   Data   RO          527    .constdata          ble_motion_service.o
    0x000220fc   0x0000001c   Data   RO          594    .constdata          nrf_drv_twi.o
    0x00022118   0x0000003c   Data   RO          748    .constdata          bsp.o
    0x00022154   0x00000004   Data   RO         1077    .constdata          ble_conn_params.o
    0x00022158   0x00000034   Data   RO         1235    .constdata          device_manager_peripheral.o
    0x0002218c   0x00000010   Data   RO         1802    .constdata          nrf_drv_spi.o
    0x0002219c   0x00000028   Data   RO         2115    .constdata          pstorage.o
    0x000221c4   0x00000008   Data   RO         2329    .constdata          app_button.o
    0x000221cc   0x00000010   Data   RO         3138    .constdata          segger_rtt_printf.o
    0x000221dc   0x00000020   Data   RO         3381    Region$$Table       anon$$obj.o


    Execution Region RW_IRAM1 (Base: 0x20001fe8, Size: 0x00003150, Max: 0x0000e018, ABSOLUTE)

    Base Addr    Size         Type   Attr      Idx    E Section Name        Object

    0x20001fe8   0x00000022   Data   RW           32    .data               main.o
    0x2000200a   0x00000012   Data   RW          411    .data               service_if.o
    0x2000201c   0x00000018   Data   RW          749    .data               bsp.o
    0x20002034   0x00000008   Data   RW          854    .data               bsp_btn_ble.o
    0x2000203c   0x0000001f   Data   RW          992    .data               ble_advertising.o
    0x2000205b   0x00000001   PAD
    0x2000205c   0x00000014   Data   RW         1078    .data               ble_conn_params.o
    0x20002070   0x00000018   Data   RW         1236    .data               device_manager_peripheral.o
    0x20002088   0x00000024   Data   RW         2116    .data               pstorage.o
    0x200020ac   0x00000014   Data   RW         2330    .data               app_button.o
    0x200020c0   0x00000020   Data   RW         2488    .data               app_timer.o
    0x200020e0   0x00000004   Data   RW         2816    .data               nrf_log.o
    0x200020e4   0x00000014   Data   RW         3184    .data               softdevice_handler.o
    0x200020f8   0x00000004   Data   RW         3297    .data               system_nrf52.o
    0x200020fc   0x00000020   Zero   RW           28    .bss                main.o
    0x2000211c   0x00000020   Zero   RW           29    .bss                main.o
    0x2000213c   0x00000210   Zero   RW           30    .bss                main.o
    0x2000234c   0x0000002c   Zero   RW          410    .bss                service_if.o
    0x20002378   0x00000028   Zero   RW          593    .bss                nrf_drv_twi.o
    0x200023a0   0x00000020   Zero   RW          744    .bss                bsp.o
    0x200023c0   0x00000020   Zero   RW          745    .bss                bsp.o
    0x200023e0   0x0000000c   Zero   RW          746    .bss                bsp.o
    0x200023ec   0x00000020   Zero   RW          747    .bss                bsp.o
    0x2000240c   0x00000103   Zero   RW          991    .bss                ble_advertising.o
    0x2000250f   0x00000001   PAD
    0x20002510   0x00000020   Zero   RW         1075    .bss                ble_conn_params.o
    0x20002530   0x0000001c   Zero   RW         1076    .bss                ble_conn_params.o
    0x2000254c   0x0000014f   Zero   RW         1234    .bss                device_manager_peripheral.o
    0x2000269b   0x00000001   PAD
    0x2000269c   0x00000058   Zero   RW         1619    .bss                nrf_drv_gpiote.o
    0x200026f4   0x00000020   Zero   RW         1801    .bss                nrf_drv_spi.o
    0x20002714   0x00000020   Zero   RW         1909    .bss                nrf_drv_uart.o
    0x20002734   0x000000d8   Zero   RW         2114    .bss                pstorage.o
    0x2000280c   0x00000020   Zero   RW         2328    .bss                app_button.o
    0x2000282c   0x00000058   Zero   RW         2706    .bss                fstorage.o
    0x20002884   0x0000041b   Zero   RW         2815    .bss                nrf_log.o
    0x20002c9f   0x00000001   PAD
    0x20002ca0   0x00000488   Zero   RW         3017    .bss                segger_rtt.o
    0x20003128   0x0000000c   Zero   RW         3183    .bss                softdevice_handler.o
    0x20003134   0x00000004   PAD
    0x20003138   0x00002000   Zero   RW         3285    STACK               arm_startup_nrf52.o


==============================================================================

Image component sizes


      Code (inc. data)   RO Data    RW Data    ZI Data      Debug   Object Name

       332         34          8         20         32       4758   app_button.o
        22          0          0          0          0       3341   app_error.o
        36         10          0          0          0      27237   app_error_weak.o
      1766         94          0         32          0      54455   app_timer.o
        36          8       1024          0       8192        848   arm_startup_nrf52.o
      1540          0          0          0          0      25356   ble_advdata.o
      1074         46          0         31        259       9957   ble_advertising.o
       410          6         16          0          0       8073   ble_bas.o
       576         86          4         20         60      12868   ble_conn_params.o
       382          4         16          0          0       7704   ble_motion_service.o
       442          6          0          0          0       2205   ble_srv_common.o
      1136        108         60         24        108      11937   bsp.o
       260         10          0          8          0       4541   bsp_btn_ble.o
      2860        162         52         24        335      29477   device_manager_peripheral.o
        20          4          0          0         88       4368   fstorage.o
      1960        214         72         34        592     133132   main.o
       144          0          0          0          0       1527   nrf_delay.o
        56          0          0          0          0      27439   nrf_drv_common.o
      1062         92          0          0         88      23072   nrf_drv_gpiote.o
       738         38         16          0         32      18224   nrf_drv_spi.o
      1480         40         28          0         40      25160   nrf_drv_twi.o
       684         56          0          0         32      17896   nrf_drv_uart.o
       106         30          0          4       1051       3809   nrf_log.o
      2706        246         40         36        216      35490   pstorage.o
       566         50          0          0       1160       9850   segger_rtt.o
       878          6         16          0          0       5017   segger_rtt_printf.o
       148         24          0         18         44       2996   service_if.o
       850        304          0         20         12      41645   softdevice_handler.o
       620         54          0          4          0       2343   system_nrf52.o

    ----------------------------------------------------------------------
     22942       1732       1384        276      12348     554725   Object Totals
         0          0         32          0          0          0   (incl. Generated)
        52          0          0          1          7          0   (incl. Padding)

    ----------------------------------------------------------------------

      Code (inc. data)   RO Data    RW Data    ZI Data      Debug   Library Member Name

         0          0          0          0          0          0   entry.o
         0          0          0          0          0          0   entry10a.o
         0          0          0          0          0          0   entry11a.o
         8          4          0          0          0          0   entry2.o
         4          0          0          0          0          0   entry5.o
         0          0          0          0          0          0   entry7b.o
         0          0          0          0          0          0   entry8b.o
         8          4          0          0          0          0   entry9a.o
        30          0          0          0          0          0   handlers.o
        36          8          0          0          0         68   init.o
         0          0          0          0          0          0   iusefp.o
        30          0          0          0          0         68   llshl.o
        32          0          0          0          0         68   llushr.o
        26          0          0          0          0         80   memcmp.o
        36          0          0          0          0         68   memcpya.o
        36          0          0          0          0        108   memseta.o
        18          0          0          0          0         68   strcpy.o
       186          0          0          0          0        176   depilogue.o
        50          0          0          0          0         76   dfixui.o
        26          0          0          0          0         76   dfltui.o
       228          0          0          0          0         96   dmul.o

    ----------------------------------------------------------------------
       758         16          0          0          0        952   Library Totals
         4          0          0          0          0          0   (incl. Padding)

    ----------------------------------------------------------------------

      Code (inc. data)   RO Data    RW Data    ZI Data      Debug   Library Name

       264         16          0          0          0        528   mc_w.l
       490          0          0          0          0        424   mf_w.l

    ----------------------------------------------------------------------
       758         16          0          0          0        952   Library Totals

    ----------------------------------------------------------------------

==============================================================================


      Code (inc. data)   RO Data    RW Data    ZI Data      Debug   

     23700       1748       1384        276      12348     531013   Grand Totals
     23700       1748       1384        276      12348     531013   ELF Image Totals
     23700       1748       1384        276          0          0   ROM Totals

==============================================================================

    Total RO  Size (Code + RO Data)                25084 (  24.50kB)
    Total RW  Size (RW Data + ZI Data)             12624 (  12.33kB)
    Total ROM Size (Code + RO Data + RW Data)      25360 (  24.77kB)

==============================================================================

